This file was created by GitHub Actions on Tue May 13 20:05:43 UTC 2025
